[p.w3layouts.com/demos/marital/web/index.html]
[backblue.gif]
[fade.gif]
[index.html]
[p.w3layouts.com/demos/marital/web/css/bootstrap-3.1.1.min.css]
[p.w3layouts.com/demos/marital/web/js/jquery.min.js]
[p.w3layouts.com/demos/marital/web/js/bootstrap.min.js]
[p.w3layouts.com/demos/marital/web/css/style.css]
[p.w3layouts.com/demos/marital/web/css/font-awesome.css]
[p.w3layouts.com/demos/marital/web/login.html]
[p.w3layouts.com/demos/marital/web/register.html]
[p.w3layouts.com/demos/marital/web/images/logo.png]
[p.w3layouts.com/demos/marital/web/about.html]
[p.w3layouts.com/demos/marital/web/matches.html]
[p.w3layouts.com/demos/marital/web/viewed-profile.html]
[p.w3layouts.com/demos/marital/web/viewed-not_contacted.html]
[p.w3layouts.com/demos/marital/web/members.html]
[p.w3layouts.com/demos/marital/web/shortlisted.html]
[p.w3layouts.com/demos/marital/web/search.html]
[p.w3layouts.com/demos/marital/web/profile.html]
[p.w3layouts.com/demos/marital/web/search-id.html]
[p.w3layouts.com/demos/marital/web/faq.html]
[p.w3layouts.com/demos/marital/web/shortcodes.html]
[p.w3layouts.com/demos/marital/web/inbox.html]
[p.w3layouts.com/demos/marital/web/sent.html]
[p.w3layouts.com/demos/marital/web/upgrade.html]
[p.w3layouts.com/demos/marital/web/contact.html]
[p.w3layouts.com/demos/marital/web/view_profile.html]
[p.w3layouts.com/demos/marital/web/images/1.jpg]
[p.w3layouts.com/demos/marital/web/images/2.jpg]
[p.w3layouts.com/demos/marital/web/images/3.jpg]
[p.w3layouts.com/demos/marital/web/images/4.jpg]
[p.w3layouts.com/demos/marital/web/images/5.jpg]
[p.w3layouts.com/demos/marital/web/images/6.jpg]
[p.w3layouts.com/demos/marital/web/js/jquery.flexisel.js]
[p.w3layouts.com/demos/marital/web/images/7.jpg]
[p.w3layouts.com/demos/marital/web/images/8.jpg]
[p.w3layouts.com/demos/marital/web/images/9.jpg]
[p.w3layouts.com/demos/marital/web/images/10.jpg]
[p.w3layouts.com/demos/marital/web/images/11.jpg]
[p.w3layouts.com/demos/marital/web/images/12.jpg]
[p.w3layouts.com/demos/marital/web/images/13.jpg]
[p.w3layouts.com/demos/marital/web/images/14.jpg]
[p.w3layouts.com/demos/marital/web/images/15.jpg]
[p.w3layouts.com/demos/marital/web/privacy.html]
[p.w3layouts.com/demos/marital/web/terms.html]
[p.w3layouts.com/demos/marital/web/index.html]
[p.w3layouts.com/demos/marital/web/services.html]
[p.w3layouts.com/demos/marital/web/fonts/glyphicons-halflings-regular.eot]
[p.w3layouts.com/demos/marital/web/fonts/glyphicons-halflings-regulard41d.eot]
[p.w3layouts.com/demos/marital/web/fonts/glyphicons-halflings-regular.woff]
[p.w3layouts.com/demos/marital/web/fonts/glyphicons-halflings-regular.ttf]
[p.w3layouts.com/demos/marital/web/fonts/glyphicons-halflings-regular.svg]
[p.w3layouts.com/demos/marital/web/css/bootstrap-3.1.1.min.css]
[p.w3layouts.com/demos/marital/web/images/wed.jpg]
[p.w3layouts.com/demos/marital/web/images/bg.jpg]
[p.w3layouts.com/demos/marital/web/images/black-40.png]
[p.w3layouts.com/demos/marital/web/css/style.css]
[p.w3layouts.com/demos/marital/web/fonts/fontawesome-webfontba72.eot]
[p.w3layouts.com/demos/marital/web/fonts/fontawesome-webfontd41d.eot]
[p.w3layouts.com/demos/marital/web/fonts/fontawesome-webfontba72.woff]
[p.w3layouts.com/demos/marital/web/fonts/fontawesome-webfontba72.ttf]
[p.w3layouts.com/demos/marital/web/css/font-awesome.css]
[p.w3layouts.com/demos/marital/web/login.html]
[p.w3layouts.com/demos/marital/web/register.html]
[p.w3layouts.com/demos/marital/web/fonts/fontawesome-webfontba72.svg]
[p.w3layouts.com/demos/marital/web/images/a3.jpg]
[p.w3layouts.com/demos/marital/web/images/a1.jpg]
[p.w3layouts.com/demos/marital/web/images/a2.jpg]
[p.w3layouts.com/demos/marital/web/images/a4.jpg]
[p.w3layouts.com/demos/marital/web/images/a5.jpg]
[p.w3layouts.com/demos/marital/web/images/a6.jpg]
[p.w3layouts.com/demos/marital/web/images/a7.jpg]
[p.w3layouts.com/demos/marital/web/about.html]
[p.w3layouts.com/demos/marital/web/images/a8.jpg]
[p.w3layouts.com/demos/marital/web/matches.html]
[p.w3layouts.com/demos/marital/web/images/v1.jpg]
[p.w3layouts.com/demos/marital/web/viewed-profile.html]
[p.w3layouts.com/demos/marital/web/viewed-not_contacted.html]
[p.w3layouts.com/demos/marital/web/members.html]
[p.w3layouts.com/demos/marital/web/shortlisted.html]
[p.w3layouts.com/demos/marital/web/jobs_single.html]
[p.w3layouts.com/demos/marital/web/images/s2.jpg]
[p.w3layouts.com/demos/marital/web/images/s1.jpg]
[p.w3layouts.com/demos/marital/web/images/s3.jpg]
[p.w3layouts.com/demos/marital/web/images/p5.jpg]
[p.w3layouts.com/demos/marital/web/images/p6.jpg]
[p.w3layouts.com/demos/marital/web/images/p7.jpg]
[p.w3layouts.com/demos/marital/web/images/p8.jpg]
[p.w3layouts.com/demos/marital/web/css/flexslider.css]
[p.w3layouts.com/demos/marital/web/search.html]
[p.w3layouts.com/demos/marital/web/js/jquery.flexslider.js]
[p.w3layouts.com/demos/marital/web/images/p13.jpg]
[p.w3layouts.com/demos/marital/web/images/p15.jpg]
[p.w3layouts.com/demos/marital/web/images/p16.jpg]
[p.w3layouts.com/demos/marital/web/images/p17.jpg]
[p.w3layouts.com/demos/marital/web/profile.html]
[p.w3layouts.com/demos/marital/web/search-id.html]
[p.w3layouts.com/demos/marital/web/faq.html]
[p.w3layouts.com/demos/marital/web/shortcodes.html]
[p.w3layouts.com/demos/marital/web/images/p14.jpg]
[p.w3layouts.com/demos/marital/web/inbox.html]
[p.w3layouts.com/demos/marital/web/sent.html]
[p.w3layouts.com/demos/marital/web/js/jquery.magnific-popup.js]
[p.w3layouts.com/demos/marital/web/upgrade.html]
[p.w3layouts.com/demos/marital/web/contact.html]
[p.w3layouts.com/demos/marital/web/css/popup.css]
[p.w3layouts.com/demos/marital/web/images/p1.jpg]
[p.w3layouts.com/demos/marital/web/images/p2.jpg]
[p.w3layouts.com/demos/marital/web/images/p3.jpg]
[p.w3layouts.com/demos/marital/web/images/p4.jpg]
[p.w3layouts.com/demos/marital/web/images/p9.jpg]
[p.w3layouts.com/demos/marital/web/images/p10.jpg]
[p.w3layouts.com/demos/marital/web/images/p11.jpg]
[p.w3layouts.com/demos/marital/web/images/p12.jpg]
[p.w3layouts.com/demos/marital/web/view_profile.html]
[p.w3layouts.com/demos/marital/web/privacy.html]
[p.w3layouts.com/demos/marital/web/terms.html]
[p.w3layouts.com/demos/marital/web/services.html]
[p.w3layouts.com/demos/marital/web/fonts/glyphicons-halflings-regular.html]
[p.w3layouts.com/demos/marital/web/fonts/glyphicons-halflings-regulard41d.html]
[p.w3layouts.com/demos/marital/web/fonts/glyphicons-halflings-regular-2.html]
[p.w3layouts.com/demos/marital/web/fonts/glyphicons-halflings-regular-3.html]
[p.w3layouts.com/demos/marital/web/fonts/glyphicons-halflings-regular-4.html]
[p.w3layouts.com/demos/marital/web/images/black-40.html]
[p.w3layouts.com/demos/marital/web/fonts/fontawesome-webfontba72.svg]
[p.w3layouts.com/demos/marital/web/jobs_single.html]
[p.w3layouts.com/demos/marital/web/fonts/webfont/flexslider-icon.eot]
[p.w3layouts.com/demos/marital/web/fonts/webfonts/flexslider-icond41d.eot]
[p.w3layouts.com/demos/marital/web/fonts/webfonts/flexslider-icon.woff]
[p.w3layouts.com/demos/marital/web/fonts/webfonts/flexslider-icon.ttf]
[p.w3layouts.com/demos/marital/web/fonts/webfonts/flexslider-icon.svg]
[p.w3layouts.com/demos/marital/web/images/img-sprite.png]
[p.w3layouts.com/demos/marital/web/css/flexslider.css]
[p.w3layouts.com/demos/marital/web/images/calender.png]
[p.w3layouts.com/demos/marital/web/images/img_sprite.png]
[p.w3layouts.com/demos/marital/web/images/icon.png]
[p.w3layouts.com/demos/marital/web/images/filter-bg.png]
[p.w3layouts.com/demos/marital/web/css/popup.css]
[p.w3layouts.com/demos/marital/web/fonts/webfont/flexslider-icon.html]
[p.w3layouts.com/demos/marital/web/fonts/webfonts/flexslider-icond41d.html]
[p.w3layouts.com/demos/marital/web/fonts/webfonts/flexslider-icon.html]
[p.w3layouts.com/demos/marital/web/fonts/webfonts/flexslider-icon-2.html]
[p.w3layouts.com/demos/marital/web/fonts/webfonts/flexslider-icon-3.html]
[p.w3layouts.com/demos/marital/web/images/img-sprite.html]
[p.w3layouts.com/demos/marital/web/images/calender.html]
[p.w3layouts.com/demos/marital/web/images/icon.html]
[p.w3layouts.com/demos/marital/web/images/filter-bg.html]
